hc1d.mac(1:2)     : error:  undefined symbol "HARMON" at Loc = 00100
hc1d.mac(1:10)    : error:  undefined symbol "COMPIL" at Loc = 00100
hc1d.mac(1:20)    : error:  undefined symbol "PHASE" at Loc = 00100
hc1d.mac(1:29)    : error:  illegal character at Loc = 00100
hc1d.mac(1:30)    : error:  illegal blank at Loc = 00100
hc1d.mac(1:31)    : error:  illegal expression at Loc = 00100
hc1d.mac(409:7)   : error:  illegal blank at Loc = 00116
hc1d.mac(411:7)   : error:  illegal blank at Loc = 00121
hc1d.mac(413:7)   : error:  illegal blank at Loc = 00123
hc1d.mac(422:7)   : error:  illegal blank at Loc = 00137
hc1d.mac(423:7)   : error:  illegal blank at Loc = 00141
hc1d.mac(424:7)   : error:  illegal blank at Loc = 00143
hc1d.mac(433:7)   : error:  illegal blank at Loc = 00154
hc1d.mac(436:7)   : error:  illegal blank at Loc = 00160
hc1d.mac(445:7)   : error:  illegal blank at Loc = 00172
hc1d.mac(447:7)   : error:  illegal blank at Loc = 00175
hc1d.mac(448:7)   : error:  illegal blank at Loc = 00177
hc1d.mac(486:7)   : error:  illegal blank at Loc = 00261
hc1d.mac(491:7)   : error:  illegal blank at Loc = 00267
hc1d.mac(520:7)   : error:  illegal blank at Loc = 00334
hc1d.mac(526:7)   : error:  illegal blank at Loc = 00351
hc1d.mac(529:7)   : error:  illegal blank at Loc = 00356
hc1d.mac(532:7)   : error:  illegal blank at Loc = 00363
hc1d.mac(535:7)   : error:  illegal blank at Loc = 00370
hc1d.mac(562:7)   : error:  illegal blank at Loc = 00433
hc1d.mac(566:7)   : error:  illegal blank at Loc = 00442
hc1d.mac(568:7)   : error:  illegal blank at Loc = 00444
hc1d.mac(573:2)   : error:  undefined symbol "TEXT" at Loc = 00455
hc1d.mac(574:1)   : error:  undefined symbol "TO" at Loc = 00456
hc1d.mac(574:8)   : error:  undefined symbol "IS" at Loc = 00456
hc1d.mac(574:11)  : error:  undefined symbol "HUMAN" at Loc = 00456
hc1d.mac(574:17)  : error:  illegal character at Loc = 00456
hc1d.mac(574:19)  : error:  undefined symbol "TO" at Loc = 00456
hc1d.mac(574:22)  : error:  undefined symbol "FORGIV" at Loc = 00456
hc1d.mac(574:29)  : error:  illegal character at Loc = 00456
hc1d.mac(574:30)  : error:  illegal blank at Loc = 00456
hc1d.mac(574:31)  : error:  illegal expression at Loc = 00456
hc1d.mac(583:7)   : error:  illegal blank at Loc = 00471
hc1d.mac(593:6)   : error:  undefined symbol "SETP1" at Loc = 00507
hc1d.mac(633:7)   : error:  illegal blank at Loc = 00601
hc1d.mac(640:7)   : error:  illegal blank at Loc = 00614
hc1d.mac(640:8)   : error:  illegal character at Loc = 00614
hc1d.mac(640:9)   : error:  illegal expression at Loc = 00614
hc1d.mac(645:7)   : error:  undefined symbol "FLEXO" at Loc = 00617
hc1d.mac(645:13)  : error:  undefined symbol "TMF" at Loc = 00617
hc1d.mac(647:7)   : error:  undefined symbol "FLEXO" at Loc = 00622
hc1d.mac(647:13)  : error:  undefined symbol "TFF" at Loc = 00622
hc1d.mac(649:7)   : error:  undefined symbol "FLEXO" at Loc = 00625
hc1d.mac(649:13)  : error:  undefined symbol "UNC" at Loc = 00625
hc1d.mac(651:7)   : error:  undefined symbol "FLEXO" at Loc = 00630
hc1d.mac(656:2)   : error:  undefined symbol "TEXT" at Loc = 00636
hc1d.mac(662:2)   : error:  undefined symbol "TEXT" at Loc = 00644
hc1d.mac(665:7)   : error:  undefined symbol "FLEXO" at Loc = 00646
hc1d.mac(665:13)  : error:  undefined symbol "NPS" at Loc = 00646
hc1d.mac(685:7)   : error:  illegal blank at Loc = 00674
hc1d.mac(686:7)   : error:  illegal blank at Loc = 00676
hc1d.mac(694:7)   : error:  illegal blank at Loc = 00713
hc1d.mac(747:7)   : error:  undefined symbol "FLEXO" at Loc = 01036
hc1d.mac(747:13)  : error:  undefined symbol "BBL" at Loc = 01036
hc1d.mac(753:7)   : error:  undefined symbol "FLEXO" at Loc = 01046
hc1d.mac(753:13)  : error:  undefined symbol "TMR" at Loc = 01046
hc1d.mac(754:7)   : error:  illegal blank at Loc = 01050
hc1d.mac(757:7)   : error:  undefined symbol "FLEXO" at Loc = 01056
hc1d.mac(757:13)  : error:  undefined symbol "TMG" at Loc = 01056
hc1d.mac(758:7)   : error:  illegal blank at Loc = 01060
hc1d.mac(761:7)   : error:  undefined symbol "FLEXO" at Loc = 01066
hc1d.mac(761:13)  : error:  undefined symbol "TMC" at Loc = 01066
hc1d.mac(762:7)   : error:  illegal blank at Loc = 01070
hc1d.mac(776:7)   : error:  illegal blank at Loc = 01116
hc1d.mac(779:7)   : error:  illegal blank at Loc = 01121
hc1d.mac(801:7)   : error:  illegal blank at Loc = 01166
hc1d.mac(807:7)   : error:  illegal blank at Loc = 01175
hc1d.mac(808:7)   : error:  illegal blank at Loc = 01177
hc1d.mac(822:7)   : error:  undefined symbol "FLEXO" at Loc = 01235
hc1d.mac(822:13)  : error:  undefined symbol "DTU" at Loc = 01235
hc1d.mac(851:7)   : error:  illegal blank at Loc = 01304
hc1d.mac(853:7)   : error:  illegal blank at Loc = 01307
hc1d.mac(855:7)   : error:  illegal blank at Loc = 01312
hc1d.mac(857:7)   : error:  illegal blank at Loc = 01315
hc1d.mac(860:6)   : error:  undefined symbol "SETPA" at Loc = 01321
hc1d.mac(860:14)  : error:  illegal character at Loc = 01321
hc1d.mac(860:15)  : error:  illegal blank at Loc = 01321
hc1d.mac(860:16)  : error:  illegal expression at Loc = 01321
hc1d.mac(866:7)   : error:  illegal blank at Loc = 01333
hc1d.mac(873:7)   : error:  illegal blank at Loc = 01351
hc1d.mac(875:7)   : error:  undefined symbol "FLEXO" at Loc = 01354
hc1d.mac(875:13)  : error:  undefined symbol "NOR" at Loc = 01354
hc1d.mac(879:7)   : error:  illegal blank at Loc = 01362
hc1d.mac(881:7)   : error:  undefined symbol "FLEXO" at Loc = 01365
hc1d.mac(881:13)  : error:  undefined symbol "NOR" at Loc = 01365
hc1d.mac(898:7)   : error:  undefined symbol "FLEXO" at Loc = 01410
hc1d.mac(898:13)  : error:  undefined symbol "TME" at Loc = 01410
hc1d.mac(908:7)   : error:  undefined symbol "FLEXO" at Loc = 01431
hc1d.mac(908:13)  : error:  undefined symbol "TMS" at Loc = 01431
hc1d.mac(932:7)   : error:  undefined symbol "FLEXO" at Loc = 01474
hc1d.mac(932:13)  : error:  undefined symbol "ITG" at Loc = 01474
hc1d.mac(936:7)   : error:  illegal blank at Loc = 01502
hc1d.mac(944:7)   : error:  undefined symbol "FLEXO" at Loc = 01517
hc1d.mac(944:13)  : error:  undefined symbol "TIC" at Loc = 01517
hc1d.mac(955:7)   : error:  illegal blank at Loc = 01541
hc1d.mac(964:7)   : error:  undefined symbol "FLEXO" at Loc = 01555
hc1d.mac(964:13)  : error:  undefined symbol "UAT" at Loc = 01555
hc1d.mac(976:6)   : error:  undefined symbol "COMPAL" at Loc = 01603
hc1d.mac(976:16)  : error:  undefined symbol "FLEXO" at Loc = 01603
hc1d.mac(976:22)  : error:  undefined symbol "AOR" at Loc = 01603
hc1d.mac(993:7)   : error:  undefined symbol "FLEXO" at Loc = 01640
hc1d.mac(1004:7)  : error:  undefined symbol "FLEXO" at Loc = 01656
hc1d.mac(1004:13) : error:  undefined symbol "EIT" at Loc = 01656
hc1d.mac(1043:7)  : error:  illegal blank at Loc = 01740
hc1d.mac(1116:7)  : error:  undefined symbol "FLEXO" at Loc = 02052
hc1d.mac(1116:13) : error:  undefined symbol "EOR" at Loc = 02052
hc1d.mac(1125:7)  : error:  illegal blank at Loc = 02067
hc1d.mac(1126:7)  : error:  illegal blank at Loc = 02072
hc1d.mac(1169:7)  : error:  illegal character at Loc = 02147
hc1d.mac(1175:7)  : error:  illegal character at Loc = 02175
hc1d.mac(1182:6)  : error:  illegal character at Loc = 02204
hc1d.mac(1185:6)  : error:  illegal character at Loc = 02213
hc1d.mac(1188:6)  : error:  illegal character at Loc = 02222
hc1d.mac(1194:7)  : error:  illegal blank at Loc = 02226
hc1d.mac(1200:7)  : error:  undefined symbol "FLEXO" at Loc = 02241
hc1d.mac(1200:13) : error:  undefined symbol "MTL" at Loc = 02241
hc1d.mac(1202:7)  : error:  undefined symbol "FLEXO" at Loc = 02244
hc1d.mac(1202:13) : error:  undefined symbol "MTS" at Loc = 02244
hc1d.mac(1205:7)  : error:  undefined symbol "FLEXO" at Loc = 02251
hc1d.mac(1205:13) : error:  undefined symbol "ITG" at Loc = 02251
hc1d.mac(1215:7)  : error:  illegal blank at Loc = 02270
hc1d.mac(1220:7)  : error:  illegal blank at Loc = 02276
hc1d.mac(1238:7)  : error:  illegal blank at Loc = 02324
hc1d.mac(1275:7)  : error:  illegal blank at Loc = 02517
hc1d.mac(1277:7)  : error:  illegal blank at Loc = 02522
hc1d.mac(1281:7)  : error:  illegal blank at Loc = 02527
hc1d.mac(1283:7)  : error:  illegal blank at Loc = 02532
hc1d.mac(1286:7)  : error:  illegal blank at Loc = 02535
hc1d.mac(1288:7)  : error:  illegal blank at Loc = 02540
hc1d.mac(1290:7)  : error:  illegal blank at Loc = 02543
hc1d.mac(1292:7)  : error:  illegal blank at Loc = 02546
hc1d.mac(1295:7)  : error:  illegal blank at Loc = 02551
hc1d.mac(1296:7)  : error:  illegal blank at Loc = 02553
hc1d.mac(1304:7)  : error:  illegal blank at Loc = 02564
hc1d.mac(1344:7)  : error:  illegal blank at Loc = 02651
hc1d.mac(1345:7)  : error:  illegal blank at Loc = 02653
hc1d.mac(1361:7)  : error:  illegal blank at Loc = 02675
hc1d.mac(1366:7)  : error:  illegal blank at Loc = 02724
hc1d.mac(1368:7)  : error:  illegal blank at Loc = 02727
hc1d.mac(1369:7)  : error:  illegal blank at Loc = 02731
hc1d.mac(1370:7)  : error:  illegal blank at Loc = 02733
hc1d.mac(1373:7)  : error:  illegal blank at Loc = 02736
hc1d.mac(1374:7)  : error:  illegal blank at Loc = 02740
hc1d.mac(1375:7)  : error:  illegal blank at Loc = 02742
hc1d.mac(1377:7)  : error:  illegal blank at Loc = 02745
hc1d.mac(1378:7)  : error:  illegal blank at Loc = 02747
hc1d.mac(1379:7)  : error:  illegal blank at Loc = 02751
hc1d.mac(1398:7)  : error:  illegal blank at Loc = 03016
hc1d.mac(1401:7)  : error:  illegal blank at Loc = 03021
hc1d.mac(1403:7)  : error:  undefined symbol "FLEXO" at Loc = 03026
hc1d.mac(1403:13) : error:  undefined symbol "ILR" at Loc = 03026
hc1d.mac(1406:7)  : error:  illegal blank at Loc = 03031
hc1d.mac(1419:7)  : error:  illegal blank at Loc = 03062
hc1d.mac(1427:7)  : error:  illegal blank at Loc = 03077
hc1d.mac(1428:7)  : error:  illegal blank at Loc = 03101
hc1d.mac(1434:7)  : error:  illegal blank at Loc = 03107
hc1d.mac(1444:7)  : error:  illegal blank at Loc = 03122
hc1d.mac(1446:7)  : error:  undefined symbol "FLEXO" at Loc = 03127
hc1d.mac(1446:13) : error:  undefined symbol "ILC" at Loc = 03127
hc1d.mac(1447:7)  : error:  illegal blank at Loc = 03131
hc1d.mac(1451:7)  : error:  illegal blank at Loc = 03134
hc1d.mac(1454:7)  : error:  illegal blank at Loc = 03137
hc1d.mac(1460:7)  : error:  undefined symbol "FLEXO" at Loc = 03151
hc1d.mac(1462:7)  : error:  illegal blank at Loc = 03154
hc1d.mac(1467:7)  : error:  undefined symbol "FLEXO" at Loc = 03163
hc1d.mac(1467:13) : error:  undefined symbol "BRC" at Loc = 03163

      171 detected errors
